not sliced func before 99d19438cabaf13074229d9a32e3a4af9ce98744
not sliced func after 99d19438cabaf13074229d9a32e3a4af9ce98744
not sliced func before target 99d19438cabaf13074229d9a32e3a4af9ce98744
00:00:00
00:00:00
not sliced func before b54abeeafb074248597878a874fed9a66b114c06
not sliced func after b54abeeafb074248597878a874fed9a66b114c06
not sliced func before target b54abeeafb074248597878a874fed9a66b114c06
00:00:00
not sliced func before 297610ba4b110c918ffe60c45eb4a1d6ea2daae5
not sliced func after 297610ba4b110c918ffe60c45eb4a1d6ea2daae5
not sliced func before target 297610ba4b110c918ffe60c45eb4a1d6ea2daae5
00:00:00
00:00:00
not sliced func before d7633114af2365e32080b61af473db347a3489c2
not sliced func after d7633114af2365e32080b61af473db347a3489c2
not sliced func before target d7633114af2365e32080b61af473db347a3489c2
00:00:00
not sliced func before f3c51bbff1256a52bdd9ede7887f40062be2628c
not sliced func after f3c51bbff1256a52bdd9ede7887f40062be2628c
not sliced func before target f3c51bbff1256a52bdd9ede7887f40062be2628c
00:00:00
not sliced func before b03950fafa07e8b8d975eeb345ad08b8b62e67ce
not sliced func after b03950fafa07e8b8d975eeb345ad08b8b62e67ce
not sliced func before target b03950fafa07e8b8d975eeb345ad08b8b62e67ce
00:00:00
not sliced func before b298fe6cbae3b240b10dbd55d9c38d0cc8e033d3
not sliced func after b298fe6cbae3b240b10dbd55d9c38d0cc8e033d3
not sliced func before target b298fe6cbae3b240b10dbd55d9c38d0cc8e033d3
not sliced func before 47bcc5f4c83c158f43ac2ea7abfe99dbf5c2e098
not sliced func after 47bcc5f4c83c158f43ac2ea7abfe99dbf5c2e098
not sliced func before target 47bcc5f4c83c158f43ac2ea7abfe99dbf5c2e098
00:00:00
not sliced func before 7b29f6a3949743914f08410b6f6bd6237c2f2038
not sliced func after 7b29f6a3949743914f08410b6f6bd6237c2f2038
not sliced func before target 7b29f6a3949743914f08410b6f6bd6237c2f2038
not sliced func before b3d83980d2ac0f7a25314270416f17af874ca269
not sliced func after b3d83980d2ac0f7a25314270416f17af874ca269
not sliced func before target b3d83980d2ac0f7a25314270416f17af874ca269
00:00:00
00:00:00
00:00:00
not sliced func before 1c67f3a9779b99bed7aacb3108abbb649445d3ed
not sliced func after 1c67f3a9779b99bed7aacb3108abbb649445d3ed
not sliced func before target 1c67f3a9779b99bed7aacb3108abbb649445d3ed
00:00:00
00:00:00
not sliced func before c963ec31a0c293d629e40cb082d4bfb1651def49
not sliced func after c963ec31a0c293d629e40cb082d4bfb1651def49
not sliced func before target c963ec31a0c293d629e40cb082d4bfb1651def49
00:00:00
00:00:00
not sliced func before e5a420fb33518e08313f653f3031bc36f949e086
not sliced func after e5a420fb33518e08313f653f3031bc36f949e086
not sliced func before target e5a420fb33518e08313f653f3031bc36f949e086
not sliced func before 0937b9fb244949b7ce9bfcf8398d7495b9b6aa85
not sliced func after 0937b9fb244949b7ce9bfcf8398d7495b9b6aa85
not sliced func before target 0937b9fb244949b7ce9bfcf8398d7495b9b6aa85
00:00:00
not sliced func before 8e7cc6b920ddea37deaa5e6b7b3bdfff2222d137
not sliced func after 8e7cc6b920ddea37deaa5e6b7b3bdfff2222d137
not sliced func before target 8e7cc6b920ddea37deaa5e6b7b3bdfff2222d137
00:00:00
00:00:00
00:00:00
not sliced func before 4556a2e8681c5c98fb4c7ca0a016924a69b4452a
not sliced func after 4556a2e8681c5c98fb4c7ca0a016924a69b4452a
not sliced func before target 4556a2e8681c5c98fb4c7ca0a016924a69b4452a
00:00:00
not sliced func before 481acb11413a436653e235d2098990b2ad47d195
not sliced func after 481acb11413a436653e235d2098990b2ad47d195
not sliced func before target 481acb11413a436653e235d2098990b2ad47d195
00:00:00
00:00:00
not sliced func before 07146ad1d33ba0d36b324873e5c461931e6b025e
not sliced func after 07146ad1d33ba0d36b324873e5c461931e6b025e
not sliced func before target 07146ad1d33ba0d36b324873e5c461931e6b025e
00:00:00
not sliced func before 33e543038b84af7557ab9ecff500fc4ab98dd2a3
not sliced func after 33e543038b84af7557ab9ecff500fc4ab98dd2a3
not sliced func before target 33e543038b84af7557ab9ecff500fc4ab98dd2a3
not sliced func before 20d89e0ac65686481f97657008deede0b39ef5db
not sliced func after 20d89e0ac65686481f97657008deede0b39ef5db
not sliced func before target 20d89e0ac65686481f97657008deede0b39ef5db
00:00:00
not sliced func before 44dea9da4b2a21dd1e03f2bd94b4f2679d4613e5
not sliced func after 44dea9da4b2a21dd1e03f2bd94b4f2679d4613e5
not sliced func before target 44dea9da4b2a21dd1e03f2bd94b4f2679d4613e5
00:00:00
00:00:00
not sliced func before 42994bf678f46dc9ca66e49f512261da8864fff6
not sliced func after 42994bf678f46dc9ca66e49f512261da8864fff6
not sliced func before target 42994bf678f46dc9ca66e49f512261da8864fff6
00:00:00
00:00:00
00:00:00
not sliced func before d26c5805bcbd630dab0478c2d22503a6e32a83c1
not sliced func after d26c5805bcbd630dab0478c2d22503a6e32a83c1
not sliced func before target d26c5805bcbd630dab0478c2d22503a6e32a83c1
00:00:00
not sliced func before 36c2add7f82bc5dbbfc45db31953ef9633c635b3
not sliced func after 36c2add7f82bc5dbbfc45db31953ef9633c635b3
not sliced func before target 36c2add7f82bc5dbbfc45db31953ef9633c635b3
not sliced func before 38d867f041349e1400c2cce9cac06f59ae6ccbb1
not sliced func after 38d867f041349e1400c2cce9cac06f59ae6ccbb1
not sliced func before target 38d867f041349e1400c2cce9cac06f59ae6ccbb1
00:00:00
00:00:00
all done
